I'm sorry, but errors were detected in your script. Please correct the
errors listed below, and try again.


File "game/script.rpy", line 79: Line is indented, but the preceding show statement statement does not expect a block. Please check this line's indentation. You may have forgotten a colon (:).
    l "Я что-то нашел"
    ^

Ren'Py Version: Ren'Py 8.3.2.24090902
Thu Oct 31 19:55:21 2024
